\BOOKMARK [0][]{chapter*.4}{\376\377\000R\000e\000s\000u\000m\000e\000n\000\040\000E\000j\000e\000c\000u\000t\000i\000v\000o}{}% 1
\BOOKMARK [0][]{chapter*.5}{\376\377\000A\000c\000r\000\363\000n\000i\000m\000o\000s\000\040\000y\000\040\000A\000b\000r\000e\000v\000i\000a\000t\000u\000r\000a\000s}{}% 2
\BOOKMARK [0][]{chapter.1}{\376\377\0001\000\040\000I\000n\000t\000r\000o\000d\000u\000c\000c\000i\000\363\000n\000\040\000y\000\040\000P\000l\000a\000n\000t\000e\000a\000m\000i\000e\000n\000t\000o\000\040\000d\000e\000l\000\040\000P\000r\000o\000b\000l\000e\000m\000a}{}% 3
\BOOKMARK [1][]{section.1.1}{\376\377\0001\000.\0001\000\040\000C\000o\000n\000t\000e\000x\000t\000o\000\040\000I\000n\000s\000t\000i\000t\000u\000c\000i\000o\000n\000a\000l}{chapter.1}% 4
\BOOKMARK [1][]{section.1.2}{\376\377\0001\000.\0002\000\040\000D\000e\000s\000c\000r\000i\000p\000c\000i\000\363\000n\000\040\000d\000e\000l\000\040\000P\000r\000o\000b\000l\000e\000m\000a}{chapter.1}% 5
\BOOKMARK [1][]{section.1.3}{\376\377\0001\000.\0003\000\040\000F\000o\000r\000m\000u\000l\000a\000c\000i\000\363\000n\000\040\000d\000e\000l\000\040\000P\000r\000o\000b\000l\000e\000m\000a}{chapter.1}% 6
\BOOKMARK [1][]{section.1.4}{\376\377\0001\000.\0004\000\040\000J\000u\000s\000t\000i\000f\000i\000c\000a\000c\000i\000\363\000n}{chapter.1}% 7
\BOOKMARK [2][]{subsection.1.4.1}{\376\377\0001\000.\0004\000.\0001\000\040\000J\000u\000s\000t\000i\000f\000i\000c\000a\000c\000i\000\363\000n\000\040\000a\000c\000a\000d\000\351\000m\000i\000c\000a}{section.1.4}% 8
\BOOKMARK [2][]{subsection.1.4.2}{\376\377\0001\000.\0004\000.\0002\000\040\000J\000u\000s\000t\000i\000f\000i\000c\000a\000c\000i\000\363\000n\000\040\000o\000p\000e\000r\000a\000t\000i\000v\000a}{section.1.4}% 9
\BOOKMARK [2][]{subsection.1.4.3}{\376\377\0001\000.\0004\000.\0003\000\040\000J\000u\000s\000t\000i\000f\000i\000c\000a\000c\000i\000\363\000n\000\040\000e\000s\000t\000r\000a\000t\000\351\000g\000i\000c\000a}{section.1.4}% 10
\BOOKMARK [2][]{subsection.1.4.4}{\376\377\0001\000.\0004\000.\0004\000\040\000J\000u\000s\000t\000i\000f\000i\000c\000a\000c\000i\000\363\000n\000\040\000s\000o\000c\000i\000a\000l}{section.1.4}% 11
\BOOKMARK [1][]{section.1.5}{\376\377\0001\000.\0005\000\040\000O\000b\000j\000e\000t\000i\000v\000o\000s}{chapter.1}% 12
\BOOKMARK [2][]{subsection.1.5.1}{\376\377\0001\000.\0005\000.\0001\000\040\000O\000b\000j\000e\000t\000i\000v\000o\000\040\000g\000e\000n\000e\000r\000a\000l}{section.1.5}% 13
\BOOKMARK [2][]{subsection.1.5.2}{\376\377\0001\000.\0005\000.\0002\000\040\000O\000b\000j\000e\000t\000i\000v\000o\000s\000\040\000e\000s\000p\000e\000c\000\355\000f\000i\000c\000o\000s}{section.1.5}% 14
\BOOKMARK [1][]{section.1.6}{\376\377\0001\000.\0006\000\040\000A\000l\000c\000a\000n\000c\000e\000\040\000y\000\040\000D\000e\000l\000i\000m\000i\000t\000a\000c\000i\000o\000n\000e\000s}{chapter.1}% 15
\BOOKMARK [2][]{subsection.1.6.1}{\376\377\0001\000.\0006\000.\0001\000\040\000A\000l\000c\000a\000n\000c\000e}{section.1.6}% 16
\BOOKMARK [2][]{subsection.1.6.2}{\376\377\0001\000.\0006\000.\0002\000\040\000D\000e\000l\000i\000m\000i\000t\000a\000c\000i\000o\000n\000e\000s}{section.1.6}% 17
\BOOKMARK [1][]{section.1.7}{\376\377\0001\000.\0007\000\040\000H\000i\000p\000\363\000t\000e\000s\000i\000s}{chapter.1}% 18
\BOOKMARK [1][]{section.1.8}{\376\377\0001\000.\0008\000\040\000M\000e\000t\000o\000d\000o\000l\000o\000g\000\355\000a\000\040\000R\000e\000s\000u\000m\000i\000d\000a}{chapter.1}% 19
\BOOKMARK [1][]{section.1.9}{\376\377\0001\000.\0009\000\040\000E\000s\000t\000r\000u\000c\000t\000u\000r\000a\000\040\000d\000e\000l\000\040\000D\000o\000c\000u\000m\000e\000n\000t\000o}{chapter.1}% 20
\BOOKMARK [1][]{section.1.10}{\376\377\0001\000.\0001\0000\000\040\000G\000l\000o\000s\000a\000r\000i\000o\000\040\000d\000e\000\040\000T\000\351\000r\000m\000i\000n\000o\000s\000\040\000d\000e\000l\000\040\000D\000o\000m\000i\000n\000i\000o}{chapter.1}% 21
\BOOKMARK [0][]{chapter.2}{\376\377\0002\000\040\000M\000e\000t\000o\000d\000o\000l\000o\000g\000\355\000a\000\040\000d\000e\000\040\000I\000n\000v\000e\000s\000t\000i\000g\000a\000c\000i\000\363\000n}{}% 22
\BOOKMARK [1][]{section.2.1}{\376\377\0002\000.\0001\000\040\000E\000n\000f\000o\000q\000u\000e\000\040\000d\000e\000\040\000I\000n\000v\000e\000s\000t\000i\000g\000a\000c\000i\000\363\000n}{chapter.2}% 23
\BOOKMARK [1][]{section.2.2}{\376\377\0002\000.\0002\000\040\000T\000i\000p\000o\000\040\000y\000\040\000D\000i\000s\000e\000\361\000o\000\040\000d\000e\000\040\000I\000n\000v\000e\000s\000t\000i\000g\000a\000c\000i\000\363\000n}{chapter.2}% 24
\BOOKMARK [2][]{subsection.2.2.1}{\376\377\0002\000.\0002\000.\0001\000\040\000T\000i\000p\000o}{section.2.2}% 25
\BOOKMARK [2][]{subsection.2.2.2}{\376\377\0002\000.\0002\000.\0002\000\040\000D\000i\000s\000e\000\361\000o}{section.2.2}% 26
\BOOKMARK [1][]{section.2.3}{\376\377\0002\000.\0003\000\040\000F\000a\000s\000e\000s\000\040\000d\000e\000\040\000l\000a\000\040\000M\000e\000t\000o\000d\000o\000l\000o\000g\000\355\000a}{chapter.2}% 27
\BOOKMARK [1][]{section.2.4}{\376\377\0002\000.\0004\000\040\000P\000o\000b\000l\000a\000c\000i\000\363\000n\000\040\000y\000\040\000M\000u\000e\000s\000t\000r\000a}{chapter.2}% 28
\BOOKMARK [2][]{subsection.2.4.1}{\376\377\0002\000.\0004\000.\0001\000\040\000P\000o\000b\000l\000a\000c\000i\000\363\000n}{section.2.4}% 29
\BOOKMARK [2][]{subsection.2.4.2}{\376\377\0002\000.\0004\000.\0002\000\040\000T\000a\000m\000a\000\361\000o\000\040\000d\000e\000\040\000m\000u\000e\000s\000t\000r\000a}{section.2.4}% 30
\BOOKMARK [1][]{section.2.5}{\376\377\0002\000.\0005\000\040\000T\000\351\000c\000n\000i\000c\000a\000s\000\040\000e\000\040\000I\000n\000s\000t\000r\000u\000m\000e\000n\000t\000o\000s\000\040\000d\000e\000\040\000R\000e\000c\000o\000l\000e\000c\000c\000i\000\363\000n}{chapter.2}% 31
\BOOKMARK [2][]{subsection.2.5.1}{\376\377\0002\000.\0005\000.\0001\000\040\000E\000s\000c\000a\000l\000a\000\040\000d\000e\000\040\000m\000e\000d\000i\000c\000i\000\363\000n}{section.2.5}% 32
\BOOKMARK [2][]{subsection.2.5.2}{\376\377\0002\000.\0005\000.\0002\000\040\000O\000p\000e\000r\000a\000c\000i\000o\000n\000a\000l\000i\000z\000a\000c\000i\000\363\000n\000\040\000d\000e\000\040\000v\000a\000r\000i\000a\000b\000l\000e\000s}{section.2.5}% 33
\BOOKMARK [1][]{section.2.6}{\376\377\0002\000.\0006\000\040\000M\000e\000t\000o\000d\000o\000l\000o\000g\000\355\000a\000\040\000C\000R\000I\000S\000P\000-\000D\000M\000\040\000p\000a\000r\000a\000\040\000l\000a\000\040\000A\000n\000a\000l\000\355\000t\000i\000c\000a\000\040\000d\000e\000\040\000D\000a\000t\000o\000s}{chapter.2}% 34
\BOOKMARK [1][]{section.2.7}{\376\377\0002\000.\0007\000\040\000V\000a\000l\000i\000d\000e\000z\000\040\000y\000\040\000C\000o\000n\000f\000i\000a\000b\000i\000l\000i\000d\000a\000d}{chapter.2}% 35
\BOOKMARK [2][]{subsection.2.7.1}{\376\377\0002\000.\0007\000.\0001\000\040\000V\000a\000l\000i\000d\000e\000z\000\040\000d\000e\000\040\000c\000o\000n\000t\000e\000n\000i\000d\000o}{section.2.7}% 36
\BOOKMARK [2][]{subsection.2.7.2}{\376\377\0002\000.\0007\000.\0002\000\040\000V\000a\000l\000i\000d\000e\000z\000\040\000d\000e\000\040\000c\000o\000n\000s\000t\000r\000u\000c\000t\000o}{section.2.7}% 37
\BOOKMARK [2][]{subsection.2.7.3}{\376\377\0002\000.\0007\000.\0003\000\040\000C\000o\000n\000f\000i\000a\000b\000i\000l\000i\000d\000a\000d}{section.2.7}% 38
\BOOKMARK [2][]{subsection.2.7.4}{\376\377\0002\000.\0007\000.\0004\000\040\000V\000a\000l\000i\000d\000e\000z\000\040\000d\000e\000\040\000l\000a\000\040\000a\000n\000a\000l\000\355\000t\000i\000c\000a}{section.2.7}% 39
\BOOKMARK [1][]{section.2.8}{\376\377\0002\000.\0008\000\040\000C\000o\000n\000s\000i\000d\000e\000r\000a\000c\000i\000o\000n\000e\000s\000\040\000\311\000t\000i\000c\000a\000s}{chapter.2}% 40
\BOOKMARK [1][]{section.2.9}{\376\377\0002\000.\0009\000\040\000A\000n\000\341\000l\000i\000s\000i\000s\000\040\000d\000e\000\040\000D\000a\000t\000o\000s\000\040\000P\000r\000e\000v\000i\000s\000t\000o}{chapter.2}% 41
\BOOKMARK [1][]{section.2.10}{\376\377\0002\000.\0001\0000\000\040\000L\000i\000m\000i\000t\000a\000c\000i\000o\000n\000e\000s\000\040\000M\000e\000t\000o\000d\000o\000l\000\363\000g\000i\000c\000a\000s}{chapter.2}% 42
\BOOKMARK [0][]{chapter.3}{\376\377\0003\000\040\000M\000i\000s\000i\000\363\000n\000,\000\040\000V\000i\000s\000i\000\363\000n\000,\000\040\000V\000a\000l\000o\000r\000e\000s\000\040\000y\000\040\000O\000b\000j\000e\000t\000i\000v\000o\000s}{}% 43
\BOOKMARK [1][]{section.3.1}{\376\377\0003\000.\0001\000\040\000I\000d\000e\000n\000t\000i\000d\000a\000d\000\040\000d\000e\000l\000\040\000S\000i\000s\000t\000e\000m\000a}{chapter.3}% 44
\BOOKMARK [1][]{section.3.2}{\376\377\0003\000.\0002\000\040\000M\000i\000s\000i\000\363\000n}{chapter.3}% 45
\BOOKMARK [2][]{subsection.3.2.1}{\376\377\0003\000.\0002\000.\0001\000\040\000D\000e\000s\000g\000l\000o\000s\000e\000\040\000d\000e\000\040\000l\000a\000\040\000m\000i\000s\000i\000\363\000n}{section.3.2}% 46
\BOOKMARK [1][]{section.3.3}{\376\377\0003\000.\0003\000\040\000V\000i\000s\000i\000\363\000n}{chapter.3}% 47
\BOOKMARK [2][]{subsection.3.3.1}{\376\377\0003\000.\0003\000.\0001\000\040\000M\000e\000t\000a\000s\000\040\000d\000e\000\040\000l\000a\000\040\000v\000i\000s\000i\000\363\000n}{section.3.3}% 48
\BOOKMARK [1][]{section.3.4}{\376\377\0003\000.\0004\000\040\000V\000a\000l\000o\000r\000e\000s\000\040\000I\000n\000s\000t\000i\000t\000u\000c\000i\000o\000n\000a\000l\000e\000s}{chapter.3}% 49
\BOOKMARK [1][]{section.3.5}{\376\377\0003\000.\0005\000\040\000O\000b\000j\000e\000t\000i\000v\000o\000s\000\040\000E\000s\000t\000r\000a\000t\000\351\000g\000i\000c\000o\000s}{chapter.3}% 50
\BOOKMARK [1][]{section.3.6}{\376\377\0003\000.\0006\000\040\000I\000n\000d\000i\000c\000a\000d\000o\000r\000e\000s\000\040\000C\000l\000a\000v\000e\000\040\000d\000e\000\040\000D\000e\000s\000e\000m\000p\000e\000\361\000o}{chapter.3}% 51
\BOOKMARK [1][]{section.3.7}{\376\377\0003\000.\0007\000\040\000M\000a\000p\000a\000\040\000E\000s\000t\000r\000a\000t\000\351\000g\000i\000c\000o}{chapter.3}% 52
\BOOKMARK [1][]{section.3.8}{\376\377\0003\000.\0008\000\040\000B\000e\000n\000e\000f\000i\000c\000i\000o\000s\000\040\000E\000s\000p\000e\000r\000a\000d\000o\000s\000\040\000p\000o\000r\000\040\000A\000c\000t\000o\000r}{chapter.3}% 53
\BOOKMARK [0][]{chapter.4}{\376\377\0004\000\040\000R\000e\000q\000u\000e\000r\000i\000m\000i\000e\000n\000t\000o\000s\000\040\000d\000e\000l\000\040\000S\000i\000s\000t\000e\000m\000a}{}% 54
\BOOKMARK [1][]{section.4.1}{\376\377\0004\000.\0001\000\040\000A\000c\000t\000o\000r\000e\000s\000\040\000d\000e\000l\000\040\000S\000i\000s\000t\000e\000m\000a}{chapter.4}% 55
\BOOKMARK [1][]{section.4.2}{\376\377\0004\000.\0002\000\040\000R\000e\000q\000u\000e\000r\000i\000m\000i\000e\000n\000t\000o\000s\000\040\000F\000u\000n\000c\000i\000o\000n\000a\000l\000e\000s}{chapter.4}% 56
\BOOKMARK [2][]{subsection.4.2.1}{\376\377\0004\000.\0002\000.\0001\000\040\000M\000\363\000d\000u\000l\000o\000\040\000d\000e\000\040\000a\000u\000t\000e\000n\000t\000i\000c\000a\000c\000i\000\363\000n\000\040\000y\000\040\000r\000o\000l\000e\000s}{section.4.2}% 57
\BOOKMARK [2][]{subsection.4.2.2}{\376\377\0004\000.\0002\000.\0002\000\040\000M\000\363\000d\000u\000l\000o\000\040\000d\000e\000\040\000c\000u\000p\000o\000s}{section.4.2}% 58
\BOOKMARK [2][]{subsection.4.2.3}{\376\377\0004\000.\0002\000.\0003\000\040\000M\000\363\000d\000u\000l\000o\000\040\000d\000e\000\040\000m\000a\000t\000e\000r\000i\000a\000s}{section.4.2}% 59
\BOOKMARK [2][]{subsection.4.2.4}{\376\377\0004\000.\0002\000.\0004\000\040\000M\000\363\000d\000u\000l\000o\000\040\000d\000e\000\040\000m\000e\000n\000s\000a\000j\000e\000r\000\355\000a}{section.4.2}% 60
\BOOKMARK [2][]{subsection.4.2.5}{\376\377\0004\000.\0002\000.\0005\000\040\000M\000\363\000d\000u\000l\000o\000\040\000d\000e\000\040\000f\000a\000l\000t\000a\000s}{section.4.2}% 61
\BOOKMARK [2][]{subsection.4.2.6}{\376\377\0004\000.\0002\000.\0006\000\040\000M\000\363\000d\000u\000l\000o\000\040\000d\000e\000\040\000e\000v\000a\000l\000u\000a\000c\000i\000\363\000n\000\040\000d\000o\000c\000e\000n\000t\000e}{section.4.2}% 62
\BOOKMARK [2][]{subsection.4.2.7}{\376\377\0004\000.\0002\000.\0007\000\040\000M\000\363\000d\000u\000l\000o\000\040\000d\000e\000\040\000q\000u\000e\000j\000a\000s\000\040\000y\000\040\000s\000u\000g\000e\000r\000e\000n\000c\000i\000a\000s}{section.4.2}% 63
\BOOKMARK [2][]{subsection.4.2.8}{\376\377\0004\000.\0002\000.\0008\000\040\000M\000\363\000d\000u\000l\000o\000\040\000d\000e\000\040\000c\000u\000e\000s\000t\000i\000o\000n\000a\000r\000i\000o\000s\000\040\000d\000e\000\040\000m\000a\000t\000e\000r\000i\000a\000s\000\040\000y\000\040\000h\000o\000r\000a\000r\000i\000o\000s}{section.4.2}% 64
\BOOKMARK [2][]{subsection.4.2.9}{\376\377\0004\000.\0002\000.\0009\000\040\000M\000\363\000d\000u\000l\000o\000\040\000d\000e\000\040\000a\000n\000a\000l\000\355\000t\000i\000c\000a\000\040\000y\000\040\000s\000o\000l\000u\000c\000i\000o\000n\000e\000s\000\040\000r\000\341\000p\000i\000d\000a\000s}{section.4.2}% 65
\BOOKMARK [1][]{section.4.3}{\376\377\0004\000.\0003\000\040\000R\000e\000q\000u\000e\000r\000i\000m\000i\000e\000n\000t\000o\000s\000\040\000N\000o\000\040\000F\000u\000n\000c\000i\000o\000n\000a\000l\000e\000s}{chapter.4}% 66
\BOOKMARK [1][]{section.4.4}{\376\377\0004\000.\0004\000\040\000R\000e\000g\000l\000a\000s\000\040\000d\000e\000\040\000N\000e\000g\000o\000c\000i\000o}{chapter.4}% 67
\BOOKMARK [1][]{section.4.5}{\376\377\0004\000.\0005\000\040\000M\000a\000t\000r\000i\000z\000\040\000d\000e\000\040\000T\000r\000a\000z\000a\000b\000i\000l\000i\000d\000a\000d\000\040\000O\000b\000j\000e\000t\000i\000v\000o\000s\040\023\000R\000e\000q\000u\000e\000r\000i\000m\000i\000e\000n\000t\000o\000s}{chapter.4}% 68
\BOOKMARK [0][]{chapter.5}{\376\377\0005\000\040\000M\000o\000d\000e\000l\000a\000d\000o\000\040\000U\000M\000L\000\040\000d\000e\000l\000\040\000S\000i\000s\000t\000e\000m\000a}{}% 69
\BOOKMARK [1][]{section.5.1}{\376\377\0005\000.\0001\000\040\000D\000i\000a\000g\000r\000a\000m\000a\000\040\000d\000e\000\040\000C\000a\000s\000o\000s\000\040\000d\000e\000\040\000U\000s\000o}{chapter.5}% 70
\BOOKMARK [2][]{subsection.5.1.1}{\376\377\0005\000.\0001\000.\0001\000\040\000D\000e\000s\000c\000r\000i\000p\000c\000i\000\363\000n\000\040\000g\000e\000n\000e\000r\000a\000l}{section.5.1}% 71
\BOOKMARK [2][]{subsection.5.1.2}{\376\377\0005\000.\0001\000.\0002\000\040\000E\000s\000p\000e\000c\000i\000f\000i\000c\000a\000c\000i\000\363\000n\000\040\000d\000e\000\040\000c\000a\000s\000o\000s\000\040\000d\000e\000\040\000u\000s\000o\000\040\000p\000r\000i\000n\000c\000i\000p\000a\000l\000e\000s}{section.5.1}% 72
\BOOKMARK [1][]{section.5.2}{\376\377\0005\000.\0002\000\040\000D\000i\000a\000g\000r\000a\000m\000a\000\040\000d\000e\000\040\000C\000l\000a\000s\000e\000s}{chapter.5}% 73
\BOOKMARK [2][]{subsection.5.2.1}{\376\377\0005\000.\0002\000.\0001\000\040\000D\000e\000s\000c\000r\000i\000p\000c\000i\000\363\000n\000\040\000g\000e\000n\000e\000r\000a\000l}{section.5.2}% 74
\BOOKMARK [2][]{subsection.5.2.2}{\376\377\0005\000.\0002\000.\0002\000\040\000D\000i\000a\000g\000r\000a\000m\000a\000\040\000d\000e\000\040\000c\000l\000a\000s\000e\000s\000\040\000d\000e\000t\000a\000l\000l\000a\000d\000o}{section.5.2}% 75
\BOOKMARK [1][]{section.5.3}{\376\377\0005\000.\0003\000\040\000D\000i\000a\000g\000r\000a\000m\000a\000\040\000d\000e\000\040\000S\000e\000c\000u\000e\000n\000c\000i\000a\000:\000\040\000E\000v\000a\000l\000u\000a\000c\000i\000\363\000n\000\040\000D\000o\000c\000e\000n\000t\000e}{chapter.5}% 76
\BOOKMARK [1][]{section.5.4}{\376\377\0005\000.\0004\000\040\000D\000i\000a\000g\000r\000a\000m\000a\000\040\000d\000e\000\040\000A\000c\000t\000i\000v\000i\000d\000a\000d\000e\000s\000:\000\040\000G\000e\000s\000t\000i\000\363\000n\000\040\000d\000e\000\040\000Q\000u\000e\000j\000a\000s\000\040\000y\000\040\000S\000u\000g\000e\000r\000e\000n\000c\000i\000a\000s}{chapter.5}% 77
\BOOKMARK [1][]{section.5.5}{\376\377\0005\000.\0005\000\040\000D\000i\000a\000g\000r\000a\000m\000a\000\040\000d\000e\000\040\000E\000s\000t\000a\000d\000o\000s\000:\000\040\000C\000i\000c\000l\000o\000\040\000d\000e\000\040\000V\000i\000d\000a\000\040\000d\000e\000\040\000u\000n\000a\000\040\000Q\000u\000e\000j\000a}{chapter.5}% 78
\BOOKMARK [1][]{section.5.6}{\376\377\0005\000.\0006\000\040\000D\000i\000a\000g\000r\000a\000m\000a\000\040\000d\000e\000\040\000C\000o\000m\000p\000o\000n\000e\000n\000t\000e\000s\000\040\000y\000\040\000A\000r\000q\000u\000i\000t\000e\000c\000t\000u\000r\000a}{chapter.5}% 79
\BOOKMARK [1][]{section.5.7}{\376\377\0005\000.\0007\000\040\000R\000e\000s\000u\000m\000e\000n\000\040\000d\000e\000\040\000D\000i\000a\000g\000r\000a\000m\000a\000s}{chapter.5}% 80
\BOOKMARK [0][]{chapter.6}{\376\377\0006\000\040\000A\000l\000g\000o\000r\000i\000t\000m\000o\000\040\000d\000e\000\040\000S\000o\000l\000u\000c\000i\000o\000n\000e\000s\000\040\000R\000\341\000p\000i\000d\000a\000s\000\040\000y\000\040\000A\000n\000a\000l\000\355\000t\000i\000c\000a\000\040\000d\000e\000\040\000D\000a\000t\000o\000s}{}% 81
\BOOKMARK [1][]{section.6.1}{\376\377\0006\000.\0001\000\040\000D\000e\000f\000i\000n\000i\000c\000i\000\363\000n\000\040\000d\000e\000\040\000S\000o\000l\000u\000c\000i\000\363\000n\000\040\000R\000\341\000p\000i\000d\000a}{chapter.6}% 82
\BOOKMARK [1][]{section.6.2}{\376\377\0006\000.\0002\000\040\000A\000r\000q\000u\000i\000t\000e\000c\000t\000u\000r\000a\000\040\000d\000e\000l\000\040\000M\000o\000t\000o\000r\000\040\000A\000n\000a\000l\000\355\000t\000i\000c\000o}{chapter.6}% 83
\BOOKMARK [1][]{section.6.3}{\376\377\0006\000.\0003\000\040\000D\000e\000s\000c\000r\000i\000p\000c\000i\000\363\000n\000\040\000d\000e\000l\000\040\000A\000l\000g\000o\000r\000i\000t\000m\000o}{chapter.6}% 84
\BOOKMARK [2][]{subsection.6.3.1}{\376\377\0006\000.\0003\000.\0001\000\040\000V\000i\000s\000t\000a\000\040\000g\000e\000n\000e\000r\000a\000l}{section.6.3}% 85
\BOOKMARK [2][]{subsection.6.3.2}{\376\377\0006\000.\0003\000.\0002\000\040\000P\000s\000e\000u\000d\000o\000c\000\363\000d\000i\000g\000o\000\040\000d\000e\000l\000\040\000a\000l\000g\000o\000r\000i\000t\000m\000o}{section.6.3}% 86
\BOOKMARK [2][]{subsection.6.3.3}{\376\377\0006\000.\0003\000.\0003\000\040\000F\000\363\000r\000m\000u\000l\000a\000\040\000d\000e\000\040\000p\000r\000i\000o\000r\000i\000z\000a\000c\000i\000\363\000n}{section.6.3}% 87
\BOOKMARK [2][]{subsection.6.3.4}{\376\377\0006\000.\0003\000.\0004\000\040\000M\000o\000d\000e\000l\000o\000\040\000d\000e\000\040\000p\000r\000e\000f\000e\000r\000e\000n\000c\000i\000a\000\040\000d\000e\000\040\000h\000o\000r\000a\000r\000i\000o\000s\000\040\000p\000o\000r\000\040\000p\000r\000o\000b\000a\000b\000i\000l\000i\000d\000a\000d}{section.6.3}% 88
\BOOKMARK [1][]{section.6.4}{\376\377\0006\000.\0004\000\040\000M\000o\000d\000e\000l\000o\000s\000\040\000A\000n\000a\000l\000\355\000t\000i\000c\000o\000s\000\040\000p\000o\000r\000\040\000T\000i\000p\000o\000\040\000d\000e\000\040\000P\000r\000o\000b\000l\000e\000m\000a}{chapter.6}% 89
\BOOKMARK [1][]{section.6.5}{\376\377\0006\000.\0005\000\040\000R\000e\000g\000l\000a\000s\000\040\000d\000e\000\040\000G\000e\000n\000e\000r\000a\000c\000i\000\363\000n\000\040\000d\000e\000\040\000S\000o\000l\000u\000c\000i\000o\000n\000e\000s\000\040\000R\000\341\000p\000i\000d\000a\000s}{chapter.6}% 90
\BOOKMARK [1][]{section.6.6}{\376\377\0006\000.\0006\000\040\000T\000a\000b\000l\000e\000r\000o\000\040\000d\000e\000\040\000V\000e\000r\000i\000f\000i\000c\000a\000c\000i\000\363\000n\000\040\000d\000e\000\040\000R\000e\000s\000u\000l\000t\000a\000d\000o\000s}{chapter.6}% 91
\BOOKMARK [2][]{subsection.6.6.1}{\376\377\0006\000.\0006\000.\0001\000\040\000E\000l\000e\000m\000e\000n\000t\000o\000s\000\040\000d\000e\000l\000\040\000t\000a\000b\000l\000e\000r\000o}{section.6.6}% 92
\BOOKMARK [1][]{section.6.7}{\376\377\0006\000.\0007\000\040\000M\000\351\000t\000r\000i\000c\000a\000s\000\040\000d\000e\000\040\000E\000v\000a\000l\000u\000a\000c\000i\000\363\000n\000\040\000d\000e\000l\000\040\000A\000l\000g\000o\000r\000i\000t\000m\000o}{chapter.6}% 93
\BOOKMARK [1][]{section.6.8}{\376\377\0006\000.\0008\000\040\000E\000j\000e\000m\000p\000l\000o\000\040\000d\000e\000\040\000A\000p\000l\000i\000c\000a\000c\000i\000\363\000n}{chapter.6}% 94
\BOOKMARK [0][]{chapter.7}{\376\377\0007\000\040\000P\000l\000a\000n\000i\000f\000i\000c\000a\000c\000i\000\363\000n\000,\000\040\000C\000r\000o\000n\000o\000g\000r\000a\000m\000a\000\040\000y\000\040\000C\000o\000n\000c\000l\000u\000s\000i\000o\000n\000e\000s}{}% 95
\BOOKMARK [1][]{section.7.1}{\376\377\0007\000.\0001\000\040\000C\000r\000o\000n\000o\000g\000r\000a\000m\000a\000\040\000G\000e\000n\000e\000r\000a\000l\000\040\000d\000e\000l\000\040\000P\000r\000o\000y\000e\000c\000t\000o}{chapter.7}% 96
\BOOKMARK [1][]{section.7.2}{\376\377\0007\000.\0002\000\040\000P\000l\000a\000n\000\040\000d\000e\000\040\000M\000i\000t\000i\000g\000a\000c\000i\000\363\000n\000\040\000d\000e\000\040\000R\000i\000e\000s\000g\000o\000s}{chapter.7}% 97
\BOOKMARK [1][]{section.7.3}{\376\377\0007\000.\0003\000\040\000R\000e\000c\000u\000r\000s\000o\000s\000\040\000R\000e\000q\000u\000e\000r\000i\000d\000o\000s}{chapter.7}% 98
\BOOKMARK [1][]{section.7.4}{\376\377\0007\000.\0004\000\040\000P\000r\000e\000s\000u\000p\000u\000e\000s\000t\000o\000\040\000E\000s\000t\000i\000m\000a\000d\000o}{chapter.7}% 99
\BOOKMARK [1][]{section.7.5}{\376\377\0007\000.\0005\000\040\000C\000r\000i\000t\000e\000r\000i\000o\000s\000\040\000d\000e\000\040\000A\000c\000e\000p\000t\000a\000c\000i\000\363\000n}{chapter.7}% 100
\BOOKMARK [1][]{section.7.6}{\376\377\0007\000.\0006\000\040\000C\000o\000n\000c\000l\000u\000s\000i\000o\000n\000e\000s}{chapter.7}% 101
\BOOKMARK [1][]{section.7.7}{\376\377\0007\000.\0007\000\040\000R\000e\000c\000o\000m\000e\000n\000d\000a\000c\000i\000o\000n\000e\000s}{chapter.7}% 102
\BOOKMARK [1][]{section.7.8}{\376\377\0007\000.\0008\000\040\000T\000r\000a\000b\000a\000j\000o\000\040\000F\000u\000t\000u\000r\000o}{chapter.7}% 103
\BOOKMARK [0][]{chapter*.53}{\376\377\000R\000e\000f\000e\000r\000e\000n\000c\000i\000a\000s}{}% 104
